[yeezy.com/index.html]
[yeezy.com/favicon.png]
[backblue.gif]
[fade.gif]
[index.html]
[yeezy.com/_app/immutable/assets/products.Di_nI0nF.css]
[yeezy.com/_app/immutable/assets/0.CBnQhRXG.css]
[yeezy.com/_app/immutable/assets/CheckoutForm.Du7GcRIH.css]
[yeezy.com/_app/immutable/assets/3.DeZUwSi2.css]
[yeezy.com/cdn-cgi/image/width=16,compression=fast,format=webp,slow-connection-quality=0/https_/cdn.swell.store/yzy-prod/68656809cc4c290012a6e3c6/5263d1496b4add2aaa86548ab63ed5da/ts-01-white-1-1_0a1606c3-06c1-47d2-82ea-2c1396dec414.png]
[yeezy.com/cdn-cgi/image/width=375,height=375,quality=100,compression=fa/https_/cdn.swell.store/yzy-prod/68656809cc4c290012a6e3c6/5263d1496b4add2aaa86548ab63ed5da/ts-01-white-1-1_0a1606c3-06c1-47d2-82ea-2c1396dec414.jpg]
[yeezy.com/cdn-cgi/image/width=16,compression=fast,format=webp,slow-connection-quality=0/https_/cdn.swell.store/yzy-prod/686575e7c6d40c0012a1958e/75ec3d19dd0d15b423c55339df952d5f/ts-02-white-1-1copy.png]
[yeezy.com/cdn-cgi/image/width=375,height=375,quality=100,compression=fa/https_/cdn.swell.store/yzy-prod/686575e7c6d40c0012a1958e/75ec3d19dd0d15b423c55339df952d5f/ts-02-white-1-1copy.jpg]
[yeezy.com/cdn-cgi/image/width=16,compression=fast,format=webp,slow-connection-quality=0/https_/cdn.swell.store/yzy-prod/6865785051273b00128b344f/57ce120a55caf10abd4aa96b4687fc24/hd-06-white.png]
[yeezy.com/cdn-cgi/image/width=375,height=375,quality=100,compression=fast,slow-connection-quality=80,fit=pad,gravity=center/https_/cdn.swell.store/yzy-prod/6865785051273b00128b344f/57ce120a55caf10abd4aa96b4687fc24/hd-06-white.jpg]
[yeezy.com/cdn-cgi/image/width=16,compression=fast,format=webp,slow-connection-quality=0/https_/cdn.swell.store/yzy-prod/68657cdc7c31ed0012252ae9/4f1440b0674bb44b73ac859e26ffe47e/wb-01-white-1.png]
[yeezy.com/cdn-cgi/image/width=375,height=375,quality=100,compression=fast,slow-connection-quality=80,fit=pad,gravity=center/https_/cdn.swell.store/yzy-prod/68657cdc7c31ed0012252ae9/4f1440b0674bb44b73ac859e26ffe47e/wb-01-white-1.jpg]
[yeezy.com/cdn-cgi/image/width=16,compression=fast,format=webp,slow-connection-quality=0/https_/cdn.swell.store/yzy-prod/68912a789c44dc001261c24e/5651dd1abfc460c7f024d95f0a96c208/MENS RESIZED-60.png]
[yeezy.com/cdn-cgi/image/width=375,height=375,quality=100,compression=fast,slow-connection-quality=80,fit=pad,gravity=center/https_/cdn.swell.store/yzy-prod/68912a789c44dc001261c24e/5651dd1abfc460c7f024d95f0a96c208/MENS RESIZED-60.jpg]
[yeezy.com/cdn-cgi/image/width=16,compression=fast,format=webp,slow-connection-quality=0/https_/cdn.swell.store/yzy-prod/6893f7275e44fa0012dde20d/611c75931c3730bc1318e519630dc757/MENS RESIZED-82.png]
[yeezy.com/cdn-cgi/image/width=375,height=375,quality=100,compression=fast,slow-connection-quality=80,fit=pad,gravity=center/https_/cdn.swell.store/yzy-prod/6893f7275e44fa0012dde20d/611c75931c3730bc1318e519630dc757/MENS RESIZED-82.jpg]
[yeezy.com/cdn-cgi/image/width=16,compression=fast,format=webp,slow-connection-quality=0/https_/cdn.swell.store/yzy-prod/689658f98c68f9001245e208/06cb8d21ee735e7233f44bce8984b584/RESIZED-5.png]
[yeezy.com/cdn-cgi/image/width=375,height=375,quality=100,compression=fast,slow-connection-quality=80,fit=pad,gravity=center/https_/cdn.swell.store/yzy-prod/689658f98c68f9001245e208/06cb8d21ee735e7233f44bce8984b584/RESIZED-5.jpg]
[yeezy.com/cdn-cgi/image/width=16,compression=fast,format=webp,slow-connection-quality=0/https_/cdn.swell.store/yzy-prod/6896588f1d592000129de54e/d806f9b93fa77309082094095244c068/RESIZED-1.png]
[yeezy.com/cdn-cgi/image/width=375,height=375,quality=100,compression=fast,slow-connection-quality=80,fit=pad,gravity=center/https_/cdn.swell.store/yzy-prod/6896588f1d592000129de54e/d806f9b93fa77309082094095244c068/RESIZED-1.jpg]
[yeezy.com/cdn-cgi/image/width=16,compression=fast,format=webp,slow-connection-quality=0/https_/cdn.swell.store/yzy-prod/68965a591baa000012002c80/0c9793636ef8ba6a53627c9472ae7ba2/RESIZED-41.png]
[yeezy.com/cdn-cgi/image/width=375,height=375,quality=100,compression=fast,slow-connection-quality=80,fit=pad,gravity=center/https_/cdn.swell.store/yzy-prod/68965a591baa000012002c80/0c9793636ef8ba6a53627c9472ae7ba2/RESIZED-41.jpg]
[yeezy.com/cdn-cgi/image/width=16,compression=fast,format=webp,slow-connection-quality=0/https_/cdn.swell.store/yzy-prod/6896583495e8ab0011170433/433fd4fc06c414a5a4918581a8101c56/9.png]
[yeezy.com/cdn-cgi/image/width=375,height=375,quality=100,compression=fast,slow-connection-quality=80,fit=pad,gravity=center/https_/cdn.swell.store/yzy-prod/6896583495e8ab0011170433/433fd4fc06c414a5a4918581a8101c56/9.jpg]
[yeezy.com/cdn-cgi/image/width=16,compression=fast,format=webp,slow-connection-quality=0/https_/cdn.swell.store/yzy-prod/689659d616e7f90012a054a7/c4e0e26c9a987f0f8e3d24a6420e3eaa/RESIZED-33.png]
[yeezy.com/cdn-cgi/image/width=375,height=375,quality=100,compression=fast,slow-connection-quality=80,fit=pad,gravity=center/https_/cdn.swell.store/yzy-prod/689659d616e7f90012a054a7/c4e0e26c9a987f0f8e3d24a6420e3eaa/RESIZED-33.jpg]
[yeezy.com/cdn-cgi/image/width=16,compression=fast,format=webp,slow-connection-quality=0/https_/cdn.swell.store/yzy-prod/6896594cbf0db00012b7c5a4/067ed1d6387fdd2bfd3f91429557e9af/RESIZED-27.png]
[yeezy.com/cdn-cgi/image/width=375,height=375,quality=100,compression=fast,slow-connection-quality=80,fit=pad,gravity=center/https_/cdn.swell.store/yzy-prod/6896594cbf0db00012b7c5a4/067ed1d6387fdd2bfd3f91429557e9af/RESIZED-27.jpg]
[yeezy.com/cdn-cgi/image/width=16,compression=fast,format=webp,slow-connection-quality=0/https_/cdn.swell.store/yzy-prod/68965f1ec2f8900013666fef/2c39b7d010f61312783af8c85158ecbb/RESIZED-157.png]
[yeezy.com/cdn-cgi/image/width=375,height=375,quality=100,compression=fast,slow-connection-quality=80,fit=pad,gravity=center/https_/cdn.swell.store/yzy-prod/68965f1ec2f8900013666fef/2c39b7d010f61312783af8c85158ecbb/RESIZED-157.jpg]
[yeezy.com/cdn-cgi/image/width=16,compression=fast,format=webp,slow-connection-quality=0/https_/cdn.swell.store/yzy-prod/6893e8230a7011001254d702/bf418c5b792250b5411578b1f0bcba6b/MENS RESIZED-56.png]
[yeezy.com/cdn-cgi/image/width=375,height=375,quality=100,compression=fast,slow-connection-quality=80,fit=pad,gravity=center/https_/cdn.swell.store/yzy-prod/6893e8230a7011001254d702/bf418c5b792250b5411578b1f0bcba6b/MENS RESIZED-56.jpg]
[yeezy.com/cdn-cgi/image/width=16,compression=fast,format=webp,slow-connection-quality=0/https_/cdn.swell.store/yzy-prod/68657cf198b68000135b0c23/db138e8f1c6651d2a2a4ae88ea0bd088/wb-01-oldgrey-1-1.png]
[yeezy.com/cdn-cgi/image/width=375,height=375,quality=100,compression=fast,slow-connection-quality=80,fit=pad,gravity=center/https_/cdn.swell.store/yzy-prod/68657cf198b68000135b0c23/db138e8f1c6651d2a2a4ae88ea0bd088/wb-01-oldgrey-1-1.jpg]
[yeezy.com/cdn-cgi/image/width=16,compression=fast,format=webp,slow-connection-quality=0/https_/cdn.swell.store/yzy-prod/689618ff85337c00121a76ca/46c4b1abd64567dd3453bb943fbae08f/RESIZED-141.png]
[yeezy.com/cdn-cgi/image/width=375,height=375,quality=100,compression=fast,slow-connection-quality=80,fit=pad,gravity=center/https_/cdn.swell.store/yzy-prod/689618ff85337c00121a76ca/46c4b1abd64567dd3453bb943fbae08f/RESIZED-141.jpg]
[yeezy.com/cdn-cgi/image/width=16,compression=fast,format=webp,slow-connection-quality=0/https_/cdn.swell.store/yzy-prod/6896185e0120930012510a99/7a1623bc770ce86c9ca9695c8a120074/RESIZED-139.png]
[yeezy.com/cdn-cgi/image/width=375,height=375,quality=100,compression=fast,slow-connection-quality=80,fit=pad,gravity=center/https_/cdn.swell.store/yzy-prod/6896185e0120930012510a99/7a1623bc770ce86c9ca9695c8a120074/RESIZED-139.jpg]
[yeezy.com/cdn-cgi/image/width=16,compression=fast,format=webp,slow-connection-quality=0/https_/cdn.swell.store/yzy-prod/68961ab3741d95001227ff44/08a036ac54fa4b0ecc6cbbbe3931e03a/RESIZED-143.png]
[yeezy.com/cdn-cgi/image/width=375,height=375,quality=100,compression=fast,slow-connection-quality=80,fit=pad,gravity=center/https_/cdn.swell.store/yzy-prod/68961ab3741d95001227ff44/08a036ac54fa4b0ecc6cbbbe3931e03a/RESIZED-143.jpg]
[yeezy.com/cdn-cgi/image/width=16,compression=fast,format=webp,slow-connection-quality=0/https_/cdn.swell.store/yzy-prod/68962155e3e9a80013adf56e/d58b82c57a2c27439f90edddc75d68ee/RESIZED-153.png]
[yeezy.com/cdn-cgi/image/width=375,height=375,quality=100,compression=fast,slow-connection-quality=80,fit=pad,gravity=center/https_/cdn.swell.store/yzy-prod/68962155e3e9a80013adf56e/d58b82c57a2c27439f90edddc75d68ee/RESIZED-153.jpg]
[yeezy.com/cdn-cgi/image/width=16,compression=fast,format=webp,slow-connection-quality=0/https_/cdn.swell.store/yzy-prod/689621005c1c3100121b743d/30047dbd68461e4b13f22bc0b712464c/RESIZED-151.png]
[yeezy.com/cdn-cgi/image/width=375,height=375,quality=100,compression=fast,slow-connection-quality=80,fit=pad,gravity=center/https_/cdn.swell.store/yzy-prod/689621005c1c3100121b743d/30047dbd68461e4b13f22bc0b712464c/RESIZED-151.jpg]
[yeezy.com/cdn-cgi/image/width=16,compression=fast,format=webp,slow-connection-quality=0/https_/cdn.swell.store/yzy-prod/689620a55c1c3100121b73cf/97546d4392c345c3d6a4ee62096e9d9b/RESIZED-149.png]
[yeezy.com/cdn-cgi/image/width=375,height=375,quality=100,compression=fast,slow-connection-quality=80,fit=pad,gravity=center/https_/cdn.swell.store/yzy-prod/689620a55c1c3100121b73cf/97546d4392c345c3d6a4ee62096e9d9b/RESIZED-149.jpg]
[yeezy.com/cdn-cgi/image/width=16,compression=fast,format=webp,slow-connection-quality=0/https_/cdn.swell.store/yzy-prod/68963c6359367b0012db22f0/26a6c75121a0db6dbfc2f69d517560d3/MENS RESIZED-39 (1).png]
[yeezy.com/cdn-cgi/image/width=375,height=375,quality=100,compression=fa/https_/cdn.swell.store/yzy-prod/68963c6359367b0012db22f0/26a6c75121a0db6dbfc2f69d517560d3/MENS RESIZED-39 (1).jpg]
[yeezy.com/cdn-cgi/image/width=16,compression=fast,format=webp,slow-connection-quality=0/https_/cdn.swell.store/yzy-prod/68939815a69c560012449d7a/667ccbec5b426a3304f2b34533d32c28/MENS RESIZED-41.png]
[yeezy.com/cdn-cgi/image/width=375,height=375,quality=100,compression=fast,slow-connection-quality=80,fit=pad,gravity=center/https_/cdn.swell.store/yzy-prod/68939815a69c560012449d7a/667ccbec5b426a3304f2b34533d32c28/MENS RESIZED-41.jpg]
[yeezy.com/cdn-cgi/image/width=16,compression=fast,format=webp,slow-connection-quality=0/https_/cdn.swell.store/yzy-prod/689399594ebbfa0012274c6c/a49fb0ae464cd278758a210722af62d0/MENS RESIZED-15.png]
[yeezy.com/cdn-cgi/image/width=375,height=375,quality=100,compression=fast,slow-connection-quality=80,fit=pad,gravity=center/https_/cdn.swell.store/yzy-prod/689399594ebbfa0012274c6c/a49fb0ae464cd278758a210722af62d0/MENS RESIZED-15.jpg]
[yeezy.com/cdn-cgi/image/width=16,compression=fast,format=webp,slow-connection-quality=0/https_/cdn.swell.store/yzy-prod/6891abfba8604500126c7a81/bcc6a6b9ef0159527af1a21e0ade93b2/MENS RESIZED-23.png]
[yeezy.com/cdn-cgi/image/width=375,height=375,quality=100,compression=fast,slow-connection-quality=80,fit=pad,gravity=center/https_/cdn.swell.store/yzy-prod/6891abfba8604500126c7a81/bcc6a6b9ef0159527af1a21e0ade93b2/MENS RESIZED-23.jpg]
[yeezy.com/cdn-cgi/image/width=16,compression=fast,format=webp,slow-connection-quality=0/https_/cdn.swell.store/yzy-prod/68939b2b1a24350012185837/f5b6c120a612264032ffe0fe926d96ee/MENS RESIZED-72.png]
[yeezy.com/cdn-cgi/image/width=375,height=375,quality=100,compression=fast,slow-connection-quality=80,fit=pad,gravity=center/https_/cdn.swell.store/yzy-prod/68939b2b1a24350012185837/f5b6c120a612264032ffe0fe926d96ee/MENS RESIZED-72.jpg]
[yeezy.com/cdn-cgi/image/width=16,compression=fast,format=webp,slow-connection-quality=0/https_/cdn.swell.store/yzy-prod/686568325d79d60012331a1a/cd337e466b8cee07a3a80db51d4d1251/ts-01-black-1_727587bf-e2d6-480e-b8de-8c19a15d1e96.png]
[yeezy.com/cdn-cgi/image/width=375,height=375,quality=100,compression=fa/https_/cdn.swell.store/yzy-prod/686568325d79d60012331a1a/cd337e466b8cee07a3a80db51d4d1251/ts-01-black-1_727587bf-e2d6-480e-b8de-8c19a15d1e96.jpg]
[yeezy.com/cdn-cgi/image/width=16,compression=fast,format=webp,slow-connection-quality=0/https_/cdn.swell.store/yzy-prod/6865761443629f0012ebb3ff/2fb9ccc5db1568db67ce18560312a43b/ts-02-charcoal-12.png]
[yeezy.com/cdn-cgi/image/width=375,height=375,quality=100,compression=fast,slow-connection-quality=80,fit=pad,gravity=center/https_/cdn.swell.store/yzy-prod/6865761443629f0012ebb3ff/2fb9ccc5db1568db67ce18560312a43b/ts-02-charcoal-12.jpg]
[yeezy.com/cdn-cgi/image/width=16,compression=fast,format=webp,slow-connection-quality=0/https_/cdn.swell.store/yzy-prod/6865789543629f0012ebba57/762f653ec34755ebe7e3e2236e8b377f/hd-01-black.png]
[yeezy.com/cdn-cgi/image/width=375,height=375,quality=100,compression=fast,slow-connection-quality=80,fit=pad,gravity=center/https_/cdn.swell.store/yzy-prod/6865789543629f0012ebba57/762f653ec34755ebe7e3e2236e8b377f/hd-01-black.jpg]
[yeezy.com/cdn-cgi/image/width=16,compression=fast,format=webp,slow-connection-quality=0/https_/cdn.swell.store/yzy-prod/68928c62aa2e5a001249d097/c8072a64c07d71726b30fbe51c460da9/HOODIE-3.png]
[yeezy.com/cdn-cgi/image/width=375,height=375,quality=100,compression=fast,slow-connection-quality=80,fit=pad,gravity=center/https_/cdn.swell.store/yzy-prod/68928c62aa2e5a001249d097/c8072a64c07d71726b30fbe51c460da9/HOODIE-3.jpg]
[yeezy.com/cdn-cgi/image/width=16,compression=fast,format=webp,slow-connection-quality=0/https_/cdn.swell.store/yzy-prod/68928c16aa2e5a001249cf89/0f15aa2500487fa250b2947dbe9c8690/HOODIE-5.png]
[yeezy.com/cdn-cgi/image/width=375,height=375,quality=100,compression=fast,slow-connection-quality=80,fit=pad,gravity=center/https_/cdn.swell.store/yzy-prod/68928c16aa2e5a001249cf89/0f15aa2500487fa250b2947dbe9c8690/HOODIE-5.jpg]
[yeezy.com/cdn-cgi/image/width=16,compression=fast,format=webp,slow-connection-quality=0/https_/cdn.swell.store/yzy-prod/68657d1698b68000135b0c70/a65297905e6810973f5d1dd5c3791124/wb-01-black-1.png]
[yeezy.com/cdn-cgi/image/width=375,height=375,quality=100,compression=fast,slow-connection-quality=80,fit=pad,gravity=center/https_/cdn.swell.store/yzy-prod/68657d1698b68000135b0c70/a65297905e6810973f5d1dd5c3791124/wb-01-black-1.jpg]
[yeezy.com/cdn-cgi/image/width=16,compression=fast,format=webp,slow-connection-quality=0/https_/cdn.swell.store/yzy-prod/6893f872c252fc0013dbd97d/08517b75229b670e5817ad7d0e84c2c2/MENS RESIZED-25.png]
[yeezy.com/cdn-cgi/image/width=375,height=375,quality=100,compression=fast,slow-connection-quality=80,fit=pad,gravity=center/https_/cdn.swell.store/yzy-prod/6893f872c252fc0013dbd97d/08517b75229b670e5817ad7d0e84c2c2/MENS RESIZED-25.jpg]
[yeezy.com/cdn-cgi/image/width=16,compression=fast,format=webp,slow-connection-quality=0/https_/cdn.swell.store/yzy-prod/68909c7c1d26430012c136c8/0a17434ad2c8b6af4087a847e685782e/MENS%20RESIZED-19.png]
[yeezy.com/cdn-cgi/image/width=375,height=375,quality=100,compression=fast,slow-connection-quality=80,fit=pad,gravity=center/https_/cdn.swell.store/yzy-prod/68909c7c1d26430012c136c8/0a17434ad2c8b6af4087a847e685782e/MENS%20RESIZED-19.jpg]
[yeezy.com/cdn-cgi/image/width=16,compression=fast,format=webp,slow-connection-quality=0/https_/cdn.swell.store/yzy-prod/6893f785cd68f30012fad699/3eb7d1aade4971369dedf7b31bdba750/MENS RESIZED-80 (1).png]
[yeezy.com/cdn-cgi/image/width=375,height=375,quality=100,compression=fa/https_/cdn.swell.store/yzy-prod/6893f785cd68f30012fad699/3eb7d1aade4971369dedf7b31bdba750/MENS RESIZED-80 (1).jpg]
[yeezy.com/cdn-cgi/image/width=16,compression=fast,format=webp,slow-connection-quality=0/https_/cdn.swell.store/yzy-prod/689095cdb099a3001272b81c/d2f62363ca21c684c975ab62ff8225ac/MENS%20RESIZED-62.png]
[yeezy.com/cdn-cgi/image/width=375,height=375,quality=100,compression=fast,slow-connection-quality=80,fit=pad,gravity=center/https_/cdn.swell.store/yzy-prod/689095cdb099a3001272b81c/d2f62363ca21c684c975ab62ff8225ac/MENS%20RESIZED-62.jpg]
